2025-12-07 17:56:42 UTC
Windows-11-10.0.26100-SP0
Ren'Py 8.4.1.25072401

Early init took 27 ms
Loading error handling took 13 ms
Loading script took 94 ms
Loading save slot metadata took 15 ms
Loading persistent took 0 ms
Running init code took 24 ms
Loading analysis data took 8 ms
Analyze and compile ATL took 2 ms
Reloading save slot metadata took 8 ms
Backing up script files to 'C:\\Users\\Dominik\\AppData\\Roaming/RenPy/backups\\Giereczka':
Dump and make backups took 28 ms
Cleaning cache took 0 ms
Making clean stores took 1 ms
Initial gc took 28 ms
DPI scale factor: 1.000000
nvdrs: Loaded, about to disable thread optimizations.
nvdrs: b"Couldn't load nvlib." (can be ignored)
Creating interface object took 2 ms
Init translation took 1 ms
Cleaning stores took 0 ms
Load screen analysis took 20 ms
Analyze screens took 5 ms
Save screen analysis took 8 ms
Save pyanalysis took 0 ms
Save bytecode took 14 ms
Running _start took 1 ms
Interface start took 122 ms

Initializing gl2 renderer:
primary display bounds: (0, 0, 1920, 1080)
swap interval: 1 frames
Fullscreen mode.
Vendor: 'ATI Technologies Inc.'
Renderer: 'AMD Radeon RX 7800 XT'
Version: '4.6.0 Compatibility Profile Context 25.11.1.251031'
Display Info: <Info({'bitsize': 32, 'bytesize': 4, 'masks': (16711680, 65280, 255, 0), 'shifts': (16, 8, 0, 0), 'losses': (0, 0, 0, 8), 'current_w': 1920, 'current_h': 1080, 'refresh_rate': 165, 'hw': False, 'wm': True, 'video_mem': 268435456, 'blit_hw': False, 'blit_hw_CC': False, 'blit_hw_A': False, 'blit_sw': False, 'blit_sw_CC': False, 'blit_sw_A': False})>
Screen sizes: virtual=(1920, 1080) physical=(1920, 1080) drawable=(1920, 1080)
Maximum texture size: 4096x4096

Full traceback:
  File "renpy/ast.py", line 625, in eval_who
    return renpy.python.py_eval(who)
           ~~~~~~~~~~~~~~~~~~~~^^^^^
  File "renpy/python.py", line 1292, in py_eval
    return py_eval_bytecode(code, globals, locals)
           ~~~~~~~~~~~~~~~~^^^^^^^^^^^^^^^^^^^^^^^
  File "renpy/python.py", line 1285, in py_eval_bytecode
    return eval(bytecode, globals, locals)
           ~~~~^^^^^^^^^^^^^^^^^^^^^^^^^^^
  File "<none>", line 1, in <module>
NameError: name 'radio' is not defined. Did you mean: 'audio'?

During handling of the above exception, another exception occurred:

Traceback (most recent call last):
  File "game/script.rpy", line 56, in script
    radio "Och... Chcesz o tym porozmawiać?"
  File "renpy/ast.py", line 2915, in execute
    Say.execute(self)
    ~~~~~~~~~~~^^^^^^
  File "renpy/ast.py", line 956, in execute
    who = eval_who(self.who, self.who_fast)
          ~~~~~~~~^^^^^^^^^^^^^^^^^^^^^^^^^
  File "renpy/ast.py", line 627, in eval_who
    raise Exception("Sayer '%s' is not defined." % who)
Exception: Sayer 'radio' is not defined.

While running game code:
NameError: name 'radio' is not defined. Did you mean: 'audio'?

During handling of the above exception, another exception occurred:

Traceback (most recent call last):
  File "game/script.rpy", line 56, in script
    radio "Och... Chcesz o tym porozmawiać?"
Exception: Sayer 'radio' is not defined.
